http_interactions:
- request:
    method: get
    uri: https://eutils.ncbi.nlm.nih.gov/entrez/eutils/esearch.fcgi?db=taxonomy&term=Chironomus%2Briparius&api_key=<<entrez_api_token>>
    body:
      encoding: ''
      string: ''
    headers:
      Accept-Encoding: gzip, deflate
      Accept: application/json, text/xml, application/xml, */*
      User-Agent: r-curl/4.3 crul/0.9.0 rOpenSci(taxize/0.9.92)
      X-USER-AGENT: r-curl/4.3 crul/0.9.0 rOpenSci(taxize/0.9.92)
  response:
    status:
      status_code: '200'
      message: OK
      explanation: Request fulfilled, document follows
    headers:
      status: HTTP/1.1 200 OK
      date: Mon, 10 Feb 2020 22:15:54 GMT
      server: Finatra
      strict-transport-security: max-age=31536000; includeSubDomains; preload
      content-security-policy: upgrade-insecure-requests
      x-ratelimit-remaining: '9'
      ncbi-phid: D0BD591C6591225500002D238ED73FD2.1.1.m_1
      cache-control: private
      ncbi-sid: 5D84CDA0A6D7C404_CC39SID
      content-encoding: gzip
      x-ratelimit-limit: '10'
      access-control-allow-origin: '*'
      content-type: text/xml; charset=UTF-8
      set-cookie: ncbi_sid=5D84CDA0A6D7C404_CC39SID; domain=.nih.gov; path=/; expires=Wed,
        10 Feb 2021 22:15:55 GMT
      x-ua-compatible: IE=Edge
      x-xss-protection: 1; mode=block
      transfer-encoding: chunked
    body:
      encoding: UTF-8
      file: no
      string: |
        <?xml version="1.0" encoding="UTF-8" ?>
        <!DOCTYPE eSearchResult PUBLIC "-//NLM//DTD esearch 20060628//EN" "https://eutils.ncbi.nlm.nih.gov/eutils/dtd/20060628/esearch.dtd">
        <eSearchResult><Count>1</Count><RetMax>1</RetMax><RetStart>0</RetStart><IdList>
        <Id>315576</Id>
        </IdList><TranslationSet/><TranslationStack>   <TermSet>    <Term>Chironomus+riparius[All Names]</Term>    <Field>All Names</Field>    <Count>1</Count>    <Explode>N</Explode>   </TermSet>   <OP>GROUP</OP>  </TranslationStack><QueryTranslation>Chironomus+riparius[All Names]</QueryTranslation></eSearchResult>
  recorded_at: 2020-02-10 22:16:00 GMT
  recorded_with: vcr/0.4.1.94, webmockr/0.5.1.98
- request:
    method: get
    uri: https://eutils.ncbi.nlm.nih.gov/entrez/eutils/esearch.fcgi?db=taxonomy&term=aaa%2Bvva&api_key=<<entrez_api_token>>
    body:
      encoding: ''
      string: ''
    headers:
      Accept-Encoding: gzip, deflate
      Accept: application/json, text/xml, application/xml, */*
      User-Agent: r-curl/4.3 crul/0.9.0 rOpenSci(taxize/0.9.92)
      X-USER-AGENT: r-curl/4.3 crul/0.9.0 rOpenSci(taxize/0.9.92)
  response:
    status:
      status_code: '200'
      message: OK
      explanation: Request fulfilled, document follows
    headers:
      status: HTTP/1.1 200 OK
      date: Mon, 10 Feb 2020 22:15:54 GMT
      server: Finatra
      strict-transport-security: max-age=31536000; includeSubDomains; preload
      content-security-policy: upgrade-insecure-requests
      x-ratelimit-remaining: '8'
      ncbi-phid: D0BD591C6591225500004C238FEFEE66.1.1.m_1
      cache-control: private
      ncbi-sid: A7701634E646D8C0_813ESID
      content-encoding: gzip
      x-ratelimit-limit: '10'
      access-control-allow-origin: '*'
      content-type: text/xml; charset=UTF-8
      set-cookie: ncbi_sid=A7701634E646D8C0_813ESID; domain=.nih.gov; path=/; expires=Wed,
        10 Feb 2021 22:15:55 GMT
      x-ua-compatible: IE=Edge
      x-xss-protection: 1; mode=block
      transfer-encoding: chunked
    body:
      encoding: UTF-8
      file: no
      string: |
        <?xml version="1.0" encoding="UTF-8" ?>
        <!DOCTYPE eSearchResult PUBLIC "-//NLM//DTD esearch 20060628//EN" "https://eutils.ncbi.nlm.nih.gov/eutils/dtd/20060628/esearch.dtd">
        <eSearchResult><Count>0</Count><RetMax>0</RetMax><RetStart>0</RetStart><IdList/><TranslationSet/><QueryTranslation>(aaa+vva[All Names])</QueryTranslation><ErrorList><PhraseNotFound>aaa+vva</PhraseNotFound></ErrorList><WarningList><OutputMessage>No items found.</OutputMessage></WarningList></eSearchResult>
  recorded_at: 2020-02-10 22:16:00 GMT
  recorded_with: vcr/0.4.1.94, webmockr/0.5.1.98
- request:
    method: get
    uri: https://eutils.ncbi.nlm.nih.gov/entrez/eutils/efetch.fcgi?db=taxonomy&ID=315576&api_key=<<entrez_api_token>>
    body:
      encoding: ''
      string: ''
    headers:
      User-Agent: libcurl/7.54.0 r-curl/4.3 crul/0.9.0
      Accept-Encoding: gzip, deflate
      Accept: application/json, text/xml, application/xml, */*
  response:
    status:
      status_code: '200'
      message: OK
      explanation: Request fulfilled, document follows
    headers:
      status: HTTP/1.1 200 OK
      date: Mon, 10 Feb 2020 22:15:55 GMT
      server: Finatra
      strict-transport-security: max-age=31536000; includeSubDomains; preload
      content-security-policy: upgrade-insecure-requests
      x-ratelimit-remaining: '7'
      ncbi-phid: D0BD591C659122550000422390B28C0C.1.1.m_3
      cache-control: private
      ncbi-sid: CF92CBA5D8B74ABB_B42ESID
      content-encoding: gzip
      x-ratelimit-limit: '10'
      access-control-allow-origin: '*'
      content-type: text/xml; charset=UTF-8
      set-cookie: ncbi_sid=CF92CBA5D8B74ABB_B42ESID; domain=.nih.gov; path=/; expires=Wed,
        10 Feb 2021 22:15:55 GMT
      x-ua-compatible: IE=Edge
      x-xss-protection: 1; mode=block
      transfer-encoding: chunked
    body:
      encoding: UTF-8
      file: no
      string: |-
        <?xml version="1.0" ?>
        <!DOCTYPE TaxaSet PUBLIC "-//NLM//DTD Taxon, 14th January 2002//EN" "https://www.ncbi.nlm.nih.gov/entrez/query/DTD/taxon.dtd">
        <TaxaSet><Taxon>
            <TaxId>315576</TaxId>
            <ScientificName>Chironomus riparius</ScientificName>
            <ParentTaxId>1165752</ParentTaxId>
            <Rank>species</Rank>
            <Division>Invertebrates</Division>
            <GeneticCode>
                <GCId>1</GCId>
                <GCName>Standard</GCName>
            </GeneticCode>
            <MitoGeneticCode>
                <MGCId>5</MGCId>
                <MGCName>Invertebrate Mitochondrial</MGCName>
            </MitoGeneticCode>
            <Lineage>cellular organisms; Eukaryota; Opisthokonta; Metazoa; Eumetazoa; Bilateria; Protostomia; Ecdysozoa; Panarthropoda; Arthropoda; Mandibulata; Pancrustacea; Hexapoda; Insecta; Dicondylia; Pterygota; Neoptera; Holometabola; Diptera; Nematocera; Culicomorpha; Chironomoidea; Chironomidae; Chironominae; Chironomini; Chironomus; Chironomus incertae sedis</Lineage>
            <LineageEx>
                <Taxon>
                    <TaxId>131567</TaxId>
                    <ScientificName>cellular organisms</ScientificName>
                    <Rank>no rank</Rank>
                </Taxon>
                <Taxon>
                    <TaxId>2759</TaxId>
                    <ScientificName>Eukaryota</ScientificName>
                    <Rank>superkingdom</Rank>
                </Taxon>
                <Taxon>
                    <TaxId>33154</TaxId>
                    <ScientificName>Opisthokonta</ScientificName>
                    <Rank>no rank</Rank>
                </Taxon>
                <Taxon>
                    <TaxId>33208</TaxId>
                    <ScientificName>Metazoa</ScientificName>
                    <Rank>kingdom</Rank>
                </Taxon>
                <Taxon>
                    <TaxId>6072</TaxId>
                    <ScientificName>Eumetazoa</ScientificName>
                    <Rank>no rank</Rank>
                </Taxon>
                <Taxon>
                    <TaxId>33213</TaxId>
                    <ScientificName>Bilateria</ScientificName>
                    <Rank>no rank</Rank>
                </Taxon>
                <Taxon>
                    <TaxId>33317</TaxId>
                    <ScientificName>Protostomia</ScientificName>
                    <Rank>no rank</Rank>
                </Taxon>
                <Taxon>
                    <TaxId>1206794</TaxId>
                    <ScientificName>Ecdysozoa</ScientificName>
                    <Rank>no rank</Rank>
                </Taxon>
                <Taxon>
                    <TaxId>88770</TaxId>
                    <ScientificName>Panarthropoda</ScientificName>
                    <Rank>no rank</Rank>
                </Taxon>
                <Taxon>
                    <TaxId>6656</TaxId>
                    <ScientificName>Arthropoda</ScientificName>
                    <Rank>phylum</Rank>
                </Taxon>
                <Taxon>
                    <TaxId>197563</TaxId>
                    <ScientificName>Mandibulata</ScientificName>
                    <Rank>no rank</Rank>
                </Taxon>
                <Taxon>
                    <TaxId>197562</TaxId>
                    <ScientificName>Pancrustacea</ScientificName>
                    <Rank>no rank</Rank>
                </Taxon>
                <Taxon>
                    <TaxId>6960</TaxId>
                    <ScientificName>Hexapoda</ScientificName>
                    <Rank>subphylum</Rank>
                </Taxon>
                <Taxon>
                    <TaxId>50557</TaxId>
                    <ScientificName>Insecta</ScientificName>
                    <Rank>class</Rank>
                </Taxon>
                <Taxon>
                    <TaxId>85512</TaxId>
                    <ScientificName>Dicondylia</ScientificName>
                    <Rank>no rank</Rank>
                </Taxon>
                <Taxon>
                    <TaxId>7496</TaxId>
                    <ScientificName>Pterygota</ScientificName>
                    <Rank>subclass</Rank>
                </Taxon>
                <Taxon>
                    <TaxId>33340</TaxId>
                    <ScientificName>Neoptera</ScientificName>
                    <Rank>infraclass</Rank>
                </Taxon>
                <Taxon>
                    <TaxId>33392</TaxId>
                    <ScientificName>Holometabola</ScientificName>
                    <Rank>cohort</Rank>
                </Taxon>
                <Taxon>
                    <TaxId>7147</TaxId>
                    <ScientificName>Diptera</ScientificName>
                    <Rank>order</Rank>
                </Taxon>
                <Taxon>
                    <TaxId>7148</TaxId>
                    <ScientificName>Nematocera</ScientificName>
                    <Rank>suborder</Rank>
                </Taxon>
                <Taxon>
                    <TaxId>43786</TaxId>
                    <ScientificName>Culicomorpha</ScientificName>
                    <Rank>infraorder</Rank>
                </Taxon>
                <Taxon>
                    <TaxId>41828</TaxId>
                    <ScientificName>Chironomoidea</ScientificName>
                    <Rank>superfamily</Rank>
                </Taxon>
                <Taxon>
                    <TaxId>7149</TaxId>
                    <ScientificName>Chironomidae</ScientificName>
                    <Rank>family</Rank>
                </Taxon>
                <Taxon>
                    <TaxId>54970</TaxId>
                    <ScientificName>Chironominae</ScientificName>
                    <Rank>subfamily</Rank>
                </Taxon>
                <Taxon>
                    <TaxId>72530</TaxId>
                    <ScientificName>Chironomini</ScientificName>
                    <Rank>tribe</Rank>
                </Taxon>
                <Taxon>
                    <TaxId>7150</TaxId>
                    <ScientificName>Chironomus</ScientificName>
                    <Rank>genus</Rank>
                </Taxon>
                <Taxon>
                    <TaxId>1165752</TaxId>
                    <ScientificName>Chironomus incertae sedis</ScientificName>
                    <Rank>no rank</Rank>
                </Taxon>
            </LineageEx>
            <CreateDate>2005/02/28 12:43:28</CreateDate>
            <UpdateDate>2005/12/31 18:22:20</UpdateDate>
            <PubDate>2005/12/31 18:00:12</PubDate>
        </Taxon>

        </TaxaSet>
  recorded_at: 2020-02-10 22:16:00 GMT
  recorded_with: vcr/0.4.1.94, webmockr/0.5.1.98
- request:
    method: get
    uri: https://www.itis.gov/ITISWebService/jsonservice/getITISTermsFromScientificName?srchKey=Chironomus%20riparius
    body:
      encoding: ''
      string: ''
    headers:
      User-Agent: libcurl/7.54.0 r-curl/4.3 crul/0.9.0
      Accept-Encoding: gzip, deflate
      Accept: application/json, text/xml, application/xml, */*
  response:
    status:
      status_code: '200'
      message: OK
      explanation: Request fulfilled, document follows
    headers:
      connection: keep-alive
      content-length: '287'
      content-type: text/json;charset=ISO-8859-1
      date: Mon, 10 Feb 2020 22:15:58 GMT
      status: 'HTTP/1.1 200 '
      strict-transport-security:
      - max-age=63072000; includeSubdomains; preload
      - max-age=63072000; includeSubdomains; preload
      x-application: itis_webservices
      x-node-name: not shown
      x-upstream-member: not shown
    body:
      encoding: UTF-8
      file: no
      string: |
        {"class":"gov.usgs.itis.itis_service.data.SvcItisTermList","itisTerms":[{"author":"Meigen, 1804","class":"gov.usgs.itis.itis_service.data.SvcItisTerm","commonNames":[null],"nameUsage":"valid","scientificName":"Chironomus riparius","tsn":"129313"}],"requestedName":"Chironomus riparius"}
  recorded_at: 2020-02-10 22:16:00 GMT
  recorded_with: vcr/0.4.1.94, webmockr/0.5.1.98
- request:
    method: get
    uri: https://www.itis.gov/ITISWebService/jsonservice/getITISTermsFromScientificName?srchKey=aaa%20vva
    body:
      encoding: ''
      string: ''
    headers:
      User-Agent: libcurl/7.54.0 r-curl/4.3 crul/0.9.0
      Accept-Encoding: gzip, deflate
      Accept: application/json, text/xml, application/xml, */*
  response:
    status:
      status_code: '200'
      message: OK
      explanation: Request fulfilled, document follows
    headers:
      connection: keep-alive
      content-length: '105'
      content-type: text/json;charset=ISO-8859-1
      date: Mon, 10 Feb 2020 22:15:59 GMT
      status: 'HTTP/1.1 200 '
      strict-transport-security:
      - max-age=63072000; includeSubdomains; preload
      - max-age=63072000; includeSubdomains; preload
      x-application: itis_webservices
      x-node-name: not shown
      x-upstream-member: not shown
    body:
      encoding: UTF-8
      file: no
      string: |
        {"class":"gov.usgs.itis.itis_service.data.SvcItisTermList","itisTerms":[null],"requestedName":"aaa vva"}
  recorded_at: 2020-02-10 22:16:00 GMT
  recorded_with: vcr/0.4.1.94, webmockr/0.5.1.98
- request:
    method: get
    uri: https://www.itis.gov/ITISWebService/jsonservice/getFullHierarchyFromTSN?tsn=129313
    body:
      encoding: ''
      string: ''
    headers:
      User-Agent: libcurl/7.54.0 r-curl/4.3 crul/0.9.0
      Accept-Encoding: gzip, deflate
      Accept: application/json, text/xml, application/xml, */*
  response:
    status:
      status_code: '200'
      message: OK
      explanation: Request fulfilled, document follows
    headers:
      connection: keep-alive
      content-length: '3475'
      content-type: text/json;charset=ISO-8859-1
      date: Mon, 10 Feb 2020 22:16:00 GMT
      status: 'HTTP/1.1 200 '
      strict-transport-security:
      - max-age=63072000; includeSubdomains; preload
      - max-age=63072000; includeSubdomains; preload
      x-application: itis_webservices
      x-node-name: not shown
      x-upstream-member: not shown
    body:
      encoding: UTF-8
      file: no
      string: |
        {"author":"","class":"gov.usgs.itis.itis_service.data.SvcHierarchyRecordList","hierarchyList":[{"author":null,"class":"gov.usgs.itis.itis_service.data.SvcHierarchyRecord","parentName":"","parentTsn":"","rankName":"Kingdom","taxonName":"Animalia","tsn":"202423"},{"author":null,"class":"gov.usgs.itis.itis_service.data.SvcHierarchyRecord","parentName":"Animalia","parentTsn":"202423","rankName":"Subkingdom","taxonName":"Bilateria","tsn":"914154"},{"author":null,"class":"gov.usgs.itis.itis_service.data.SvcHierarchyRecord","parentName":"Bilateria","parentTsn":"914154","rankName":"Infrakingdom","taxonName":"Protostomia","tsn":"914155"},{"author":null,"class":"gov.usgs.itis.itis_service.data.SvcHierarchyRecord","parentName":"Protostomia","parentTsn":"914155","rankName":"Superphylum","taxonName":"Ecdysozoa","tsn":"914158"},{"author":null,"class":"gov.usgs.itis.itis_service.data.SvcHierarchyRecord","parentName":"Ecdysozoa","parentTsn":"914158","rankName":"Phylum","taxonName":"Arthropoda","tsn":"82696"},{"author":null,"class":"gov.usgs.itis.itis_service.data.SvcHierarchyRecord","parentName":"Arthropoda","parentTsn":"82696","rankName":"Subphylum","taxonName":"Hexapoda","tsn":"563886"},{"author":null,"class":"gov.usgs.itis.itis_service.data.SvcHierarchyRecord","parentName":"Hexapoda","parentTsn":"563886","rankName":"Class","taxonName":"Insecta","tsn":"99208"},{"author":null,"class":"gov.usgs.itis.itis_service.data.SvcHierarchyRecord","parentName":"Insecta","parentTsn":"99208","rankName":"Subclass","taxonName":"Pterygota","tsn":"100500"},{"author":null,"class":"gov.usgs.itis.itis_service.data.SvcHierarchyRecord","parentName":"Pterygota","parentTsn":"100500","rankName":"Infraclass","taxonName":"Neoptera","tsn":"563890"},{"author":null,"class":"gov.usgs.itis.itis_service.data.SvcHierarchyRecord","parentName":"Neoptera","parentTsn":"563890","rankName":"Superorder","taxonName":"Holometabola","tsn":"914213"},{"author":null,"class":"gov.usgs.itis.itis_service.data.SvcHierarchyRecord","parentName":"Holometabola","parentTsn":"914213","rankName":"Order","taxonName":"Diptera","tsn":"118831"},{"author":null,"class":"gov.usgs.itis.itis_service.data.SvcHierarchyRecord","parentName":"Diptera","parentTsn":"118831","rankName":"Suborder","taxonName":"Nematocera","tsn":"118832"},{"author":null,"class":"gov.usgs.itis.itis_service.data.SvcHierarchyRecord","parentName":"Nematocera","parentTsn":"118832","rankName":"Infraorder","taxonName":"Culicomorpha","tsn":"125808"},{"author":null,"class":"gov.usgs.itis.itis_service.data.SvcHierarchyRecord","parentName":"Culicomorpha","parentTsn":"125808","rankName":"Family","taxonName":"Chironomidae","tsn":"127917"},{"author":null,"class":"gov.usgs.itis.itis_service.data.SvcHierarchyRecord","parentName":"Chironomidae","parentTsn":"127917","rankName":"Subfamily","taxonName":"Chironominae","tsn":"129228"},{"author":null,"class":"gov.usgs.itis.itis_service.data.SvcHierarchyRecord","parentName":"Chironominae","parentTsn":"129228","rankName":"Tribe","taxonName":"Chironomini","tsn":"129229"},{"author":null,"class":"gov.usgs.itis.itis_service.data.SvcHierarchyRecord","parentName":"Chironomini","parentTsn":"129229","rankName":"Genus","taxonName":"Chironomus","tsn":"129254"},{"author":"Meigen, 1804","class":"gov.usgs.itis.itis_service.data.SvcHierarchyRecord","parentName":"Chironomus","parentTsn":"129254","rankName":"Species","taxonName":"Chironomus riparius","tsn":"129313"}],"rankName":"","sciName":"","tsn":"129313"}
  recorded_at: 2020-02-10 22:16:00 GMT
  recorded_with: vcr/0.4.1.94, webmockr/0.5.1.98
