http_interactions:
- request:
    method: get
    uri: https://api.gbif.org/v1/species/1
    body:
      encoding: ''
      string: ''
    headers:
      Accept-Encoding: gzip, deflate
      Accept: application/json, text/xml, application/xml, */*
      User-Agent: r-curl/4.3 crul/0.9.0 rOpenSci(taxize/0.9.92.94)
      X-USER-AGENT: r-curl/4.3 crul/0.9.0 rOpenSci(taxize/0.9.92.94)
  response:
    status:
      status_code: '200'
      message: OK
      explanation: Request fulfilled, document follows
    headers:
      status: HTTP/1.1 200 OK
      date: Fri, 06 Mar 2020 19:30:22 GMT
      content-type: application/json
      access-control-allow-origin: '*'
      access-control-allow-methods: HEAD, GET, POST, DELETE, PUT, OPTIONS
      server: Jetty(9.3.z-SNAPSHOT)
      cache-control: public, max-age=3601
      x-varnish: 307364731 275681277
      age: '115'
      via: 1.1 varnish (Varnish/5.2)
      accept-ranges: bytes
      content-length: '573'
      connection: keep-alive
    body:
      encoding: UTF-8
      file: no
      string: '{"key":1,"nubKey":1,"nameKey":29870428,"taxonID":"gbif:1","sourceTaxonKey":156096681,"kingdom":"Animalia","kingdomKey":1,"datasetKey":"d7dddbf4-2cf0-4f39-9b2a-bb099caae36c","constituentKey":"d7dddbf4-2cf0-4f39-9b2a-bb099caae36c","scientificName":"Animalia","canonicalName":"Animalia","authorship":"","nameType":"SCIENTIFIC","rank":"KINGDOM","origin":"SOURCE","taxonomicStatus":"ACCEPTED","nomenclaturalStatus":[],"remarks":"","numDescendants":2781785,"lastCrawled":"2019-09-06T05:41:48.812+0000","lastInterpreted":"2019-09-06T04:15:56.154+0000","issues":[],"synonym":false}'
  recorded_at: 2020-03-06 19:32:19 GMT
  recorded_with: vcr/0.5.0, webmockr/0.6.0
- request:
    method: get
    uri: https://api.gbif.org/v1/species/1
    body:
      encoding: ''
      string: ''
    headers:
      Accept-Encoding: gzip, deflate
      Accept: application/json, text/xml, application/xml, */*
      User-Agent: r-curl/4.3 crul/0.9.0 rOpenSci(taxize/0.9.92.94)
      X-USER-AGENT: r-curl/4.3 crul/0.9.0 rOpenSci(taxize/0.9.92.94)
  response:
    status:
      status_code: '200'
      message: OK
      explanation: Request fulfilled, document follows
    headers:
      status: HTTP/1.1 200 OK
      date: Fri, 06 Mar 2020 19:30:22 GMT
      content-type: application/json
      access-control-allow-origin: '*'
      access-control-allow-methods: HEAD, GET, POST, DELETE, PUT, OPTIONS
      server: Jetty(9.3.z-SNAPSHOT)
      cache-control: public, max-age=3601
      x-varnish: 294291334 275681277
      age: '116'
      via: 1.1 varnish (Varnish/5.2)
      accept-ranges: bytes
      content-length: '573'
      connection: keep-alive
    body:
      encoding: UTF-8
      file: no
      string: '{"key":1,"nubKey":1,"nameKey":29870428,"taxonID":"gbif:1","sourceTaxonKey":156096681,"kingdom":"Animalia","kingdomKey":1,"datasetKey":"d7dddbf4-2cf0-4f39-9b2a-bb099caae36c","constituentKey":"d7dddbf4-2cf0-4f39-9b2a-bb099caae36c","scientificName":"Animalia","canonicalName":"Animalia","authorship":"","nameType":"SCIENTIFIC","rank":"KINGDOM","origin":"SOURCE","taxonomicStatus":"ACCEPTED","nomenclaturalStatus":[],"remarks":"","numDescendants":2781785,"lastCrawled":"2019-09-06T05:41:48.812+0000","lastInterpreted":"2019-09-06T04:15:56.154+0000","issues":[],"synonym":false}'
  recorded_at: 2020-03-06 19:32:19 GMT
  recorded_with: vcr/0.5.0, webmockr/0.6.0
- request:
    method: get
    uri: https://api.gbif.org/v1/species/1
    body:
      encoding: ''
      string: ''
    headers:
      Accept-Encoding: gzip, deflate
      Accept: application/json, text/xml, application/xml, */*
      User-Agent: r-curl/4.3 crul/0.9.0 rOpenSci(taxize/0.9.92.94)
      X-USER-AGENT: r-curl/4.3 crul/0.9.0 rOpenSci(taxize/0.9.92.94)
  response:
    status:
      status_code: '200'
      message: OK
      explanation: Request fulfilled, document follows
    headers:
      status: HTTP/1.1 200 OK
      date: Fri, 06 Mar 2020 19:30:22 GMT
      content-type: application/json
      access-control-allow-origin: '*'
      access-control-allow-methods: HEAD, GET, POST, DELETE, PUT, OPTIONS
      server: Jetty(9.3.z-SNAPSHOT)
      cache-control: public, max-age=3601
      x-varnish: 294291335 275681277
      age: '116'
      via: 1.1 varnish (Varnish/5.2)
      accept-ranges: bytes
      content-length: '573'
      connection: keep-alive
    body:
      encoding: UTF-8
      file: no
      string: '{"key":1,"nubKey":1,"nameKey":29870428,"taxonID":"gbif:1","sourceTaxonKey":156096681,"kingdom":"Animalia","kingdomKey":1,"datasetKey":"d7dddbf4-2cf0-4f39-9b2a-bb099caae36c","constituentKey":"d7dddbf4-2cf0-4f39-9b2a-bb099caae36c","scientificName":"Animalia","canonicalName":"Animalia","authorship":"","nameType":"SCIENTIFIC","rank":"KINGDOM","origin":"SOURCE","taxonomicStatus":"ACCEPTED","nomenclaturalStatus":[],"remarks":"","numDescendants":2781785,"lastCrawled":"2019-09-06T05:41:48.812+0000","lastInterpreted":"2019-09-06T04:15:56.154+0000","issues":[],"synonym":false}'
  recorded_at: 2020-03-06 19:32:19 GMT
  recorded_with: vcr/0.5.0, webmockr/0.6.0
