http_interactions:
- request:
    method: get
    uri: http://v4.boldsystems.org/index.php/API_Tax/TaxonSearch?taxName=Helianthus
    body:
      encoding: ''
      string: ''
    headers:
      User-Agent: libcurl/7.54.0 r-curl/3.3 crul/0.7.0.9100
      Accept-Encoding: gzip, deflate
      Accept: application/json, text/xml, application/xml, */*
  response:
    status:
      status_code: '200'
      message: OK
      explanation: Request fulfilled, document follows
    headers:
      status: HTTP/1.1 200 OK
      date: Thu, 24 Jan 2019 01:15:57 GMT
      server: Apache/2.2.15 (Red Hat)
      x-powered-by: PHP/5.3.15
      content-length: '318'
      connection: close
      content-type: text/html; charset=utf-8
    body:
      encoding: UTF-8
      string: '{"top_matched_names":[{"taxid":125295,"taxon":"Helianthus","tax_rank":"genus","tax_division":"Plants","parentid":151101,"parentname":"Asteroideae","taxonrep":"Helianthus","representitive_image":{"image":"SDH\/CCDB-24909-C11_h153421+1421197108.jpg","apectratio":0.688},"specimenrecords":"326"}],"total_matched_names":1}'
  recorded_at: 2019-01-24 01:16:00 GMT
  recorded_with: vcr/0.2.2, webmockr/0.3.0
- request:
    method: get
    uri: http://v4.boldsystems.org/index.php/API_Tax/TaxonSearch?taxName=adsf%20asdf%20asdf
    body:
      encoding: ''
      string: ''
    headers:
      User-Agent: libcurl/7.54.0 r-curl/3.3 crul/0.7.0.9100
      Accept-Encoding: gzip, deflate
      Accept: application/json, text/xml, application/xml, */*
  response:
    status:
      status_code: '200'
      message: OK
      explanation: Request fulfilled, document follows
    headers:
      status: HTTP/1.1 200 OK
      date: Thu, 24 Jan 2019 01:15:58 GMT
      server: Apache/2.2.15 (Red Hat)
      x-powered-by: PHP/5.3.15
      content-length: '48'
      connection: close
      content-type: text/html; charset=utf-8
    body:
      encoding: UTF-8
      string: '{"top_matched_names":[],"total_matched_names":0}'
  recorded_at: 2019-01-24 01:16:00 GMT
  recorded_with: vcr/0.2.2, webmockr/0.3.0
- request:
    method: get
    uri: http://v4.boldsystems.org/index.php/API_Tax/TaxonSearch?taxName=Helianthus%20excubitor
    body:
      encoding: ''
      string: ''
    headers:
      User-Agent: libcurl/7.54.0 r-curl/3.3 crul/0.7.0.9100
      Accept-Encoding: gzip, deflate
      Accept: application/json, text/xml, application/xml, */*
  response:
    status:
      status_code: '200'
      message: OK
      explanation: Request fulfilled, document follows
    headers:
      status: HTTP/1.1 200 OK
      date: Thu, 24 Jan 2019 01:15:59 GMT
      server: Apache/2.2.15 (Red Hat)
      x-powered-by: PHP/5.3.15
      content-length: '48'
      connection: close
      content-type: text/html; charset=utf-8
    body:
      encoding: UTF-8
      string: '{"top_matched_names":[],"total_matched_names":0}'
  recorded_at: 2019-01-24 01:16:00 GMT
  recorded_with: vcr/0.2.2, webmockr/0.3.0
- request:
    method: get
    uri: http://v4.boldsystems.org/index.php/API_Tax/TaxonSearch?taxName=adsf%20asdf%20asdf
    body:
      encoding: ''
      string: ''
    headers:
      User-Agent: libcurl/7.54.0 r-curl/3.3 crul/0.7.0.9100
      Accept-Encoding: gzip, deflate
      Accept: application/json, text/xml, application/xml, */*
  response:
    status:
      status_code: '200'
      message: OK
      explanation: Request fulfilled, document follows
    headers:
      status: HTTP/1.1 200 OK
      date: Thu, 24 Jan 2019 01:16:00 GMT
      server: Apache/2.2.15 (Red Hat)
      x-powered-by: PHP/5.3.15
      content-length: '48'
      connection: close
      content-type: text/html; charset=utf-8
    body:
      encoding: UTF-8
      string: '{"top_matched_names":[],"total_matched_names":0}'
  recorded_at: 2019-01-24 01:16:00 GMT
  recorded_with: vcr/0.2.2, webmockr/0.3.0
- request:
    method: get
    uri: http://v4.boldsystems.org/index.php/API_Tax/TaxonSearch?taxName=adsf%20asdf%20asdf
    body:
      encoding: ''
      string: ''
    headers:
      User-Agent: libcurl/7.54.0 r-curl/3.3 crul/0.7.0.9100
      Accept-Encoding: gzip, deflate
      Accept: application/json, text/xml, application/xml, */*
  response:
    status:
      status_code: '200'
      message: OK
      explanation: Request fulfilled, document follows
    headers:
      status: HTTP/1.1 200 OK
      date: Thu, 24 Jan 2019 01:16:00 GMT
      server: Apache/2.2.15 (Red Hat)
      x-powered-by: PHP/5.3.15
      content-length: '48'
      connection: close
      content-type: text/html; charset=utf-8
    body:
      encoding: UTF-8
      string: '{"top_matched_names":[],"total_matched_names":0}'
  recorded_at: 2019-01-24 01:16:00 GMT
  recorded_with: vcr/0.2.2, webmockr/0.3.0
