http_interactions:
- request:
    method: get
    uri: https://eutils.ncbi.nlm.nih.gov/entrez/eutils/esearch.fcgi?db=taxonomy&term=Helianthus%2Bannuus&api_key=<<entrez_api_token>>
    body:
      encoding: ''
      string: ''
    headers:
      Accept-Encoding: gzip, deflate
      Accept: application/json, text/xml, application/xml, */*
      User-Agent: r-curl/4.3.2 crul/1.1.0 rOpenSci(taxize/1.0)
      X-USER-AGENT: r-curl/4.3.2 crul/1.1.0 rOpenSci(taxize/1.0)
  response:
    status:
      status_code: '200'
      message: OK
      explanation: Request fulfilled, document follows
    headers:
      status: HTTP/1.1 200 OK
      date: Wed, 15 Sep 2021 22:49:57 GMT
      server: Finatra
      strict-transport-security: max-age=31536000; includeSubDomains; preload
      content-security-policy: upgrade-insecure-requests
      x-test-test: test42
      cache-control: private
      ncbi-phid: 322C52E213039F4500005139117B1C0D.1.1.m_1
      x-ratelimit-remaining: '7'
      ncbi-sid: 694DE2BAEA58FCCD_7F69SID
      content-encoding: gzip
      x-ratelimit-limit: '10'
      access-control-allow-origin: '*'
      content-type: text/xml; charset=UTF-8
      access-control-expose-headers: X-RateLimit-Limit,X-RateLimit-Remaining
      set-cookie: ncbi_sid=694DE2BAEA58FCCD_7F69SID; domain=.nih.gov; path=/; expires=Thu,
        15 Sep 2022 22:49:57 GMT
      x-ua-compatible: IE=Edge
      x-xss-protection: 1; mode=block
      transfer-encoding: chunked
    body:
      encoding: UTF-8
      file: no
      string: |
        <?xml version="1.0" encoding="UTF-8" ?>
        <!DOCTYPE eSearchResult PUBLIC "-//NLM//DTD esearch 20060628//EN" "https://eutils.ncbi.nlm.nih.gov/eutils/dtd/20060628/esearch.dtd">
        <eSearchResult><Count>1</Count><RetMax>1</RetMax><RetStart>0</RetStart><IdList>
        <Id>4232</Id>
        </IdList><TranslationSet/><TranslationStack>   <TermSet>    <Term>Helianthus+annuus[All Names]</Term>    <Field>All Names</Field>    <Count>1</Count>    <Explode>N</Explode>   </TermSet>   <OP>GROUP</OP>  </TranslationStack><QueryTranslation>Helianthus+annuus[All Names]</QueryTranslation></eSearchResult>
  recorded_at: 2021-09-15 22:50:02 GMT
  recorded_with: vcr/1.0.2, webmockr/0.8.0
- request:
    method: get
    uri: https://eutils.ncbi.nlm.nih.gov/entrez/eutils/esummary.fcgi?db=taxonomy&ID=4232&api_key=<<entrez_api_token>>
    body:
      encoding: ''
      string: ''
    headers:
      Accept-Encoding: gzip, deflate
      Accept: application/json, text/xml, application/xml, */*
      User-Agent: r-curl/4.3.2 crul/1.1.0 rOpenSci(taxize/1.0)
      X-USER-AGENT: r-curl/4.3.2 crul/1.1.0 rOpenSci(taxize/1.0)
  response:
    status:
      status_code: '200'
      message: OK
      explanation: Request fulfilled, document follows
    headers:
      status: HTTP/1.1 200 OK
      date: Wed, 15 Sep 2021 22:49:58 GMT
      server: Finatra
      strict-transport-security: max-age=31536000; includeSubDomains; preload
      content-security-policy: upgrade-insecure-requests
      x-test-test: test42
      cache-control: private
      ncbi-phid: 322C52E213039F4500005C3912064183.1.1.m_1
      x-ratelimit-remaining: '7'
      ncbi-sid: F4005C5813FAF13C_1021SID
      content-encoding: gzip
      x-ratelimit-limit: '10'
      access-control-allow-origin: '*'
      content-type: text/xml; charset=UTF-8
      access-control-expose-headers: X-RateLimit-Limit,X-RateLimit-Remaining
      set-cookie: ncbi_sid=F4005C5813FAF13C_1021SID; domain=.nih.gov; path=/; expires=Thu,
        15 Sep 2022 22:49:58 GMT
      x-ua-compatible: IE=Edge
      x-xss-protection: 1; mode=block
      transfer-encoding: chunked
    body:
      encoding: UTF-8
      file: no
      string: "<?xml version=\"1.0\" encoding=\"UTF-8\" ?>\n<!DOCTYPE eSummaryResult
        PUBLIC \"-//NLM//DTD esummary v1 20041029//EN\" \"https://eutils.ncbi.nlm.nih.gov/eutils/dtd/20041029/esummary-v1.dtd\">\n<eSummaryResult>\n<DocSum>\n\t<Id>4232</Id>\n\t<Item
        Name=\"Status\" Type=\"String\">active</Item>\n\t<Item Name=\"Rank\" Type=\"String\">species</Item>\n\t<Item
        Name=\"Division\" Type=\"String\">eudicots</Item>\n\t<Item Name=\"ScientificName\"
        Type=\"String\">Helianthus annuus</Item>\n\t<Item Name=\"CommonName\" Type=\"String\">common
        sunflower</Item>\n\t<Item Name=\"TaxId\" Type=\"Integer\">4232</Item>\n\t<Item
        Name=\"AkaTaxId\" Type=\"Integer\">0</Item>\n\t<Item Name=\"Genus\" Type=\"String\">Helianthus</Item>\n\t<Item
        Name=\"Species\" Type=\"String\">annuus</Item>\n\t<Item Name=\"Subsp\" Type=\"String\"></Item>\n\t<Item
        Name=\"ModificationDate\" Type=\"Date\">2018/11/23 00:00</Item>\n</DocSum>\n\n</eSummaryResult>\n"
  recorded_at: 2021-09-15 22:50:02 GMT
  recorded_with: vcr/1.0.2, webmockr/0.8.0
- request:
    method: get
    uri: https://eutils.ncbi.nlm.nih.gov/entrez/eutils/efetch.fcgi?db=taxonomy&ID=4232&api_key=<<entrez_api_token>>
    body:
      encoding: ''
      string: ''
    headers:
      User-Agent: libcurl/7.68.0 r-curl/4.3.2 crul/1.1.0
      Accept-Encoding: gzip, deflate
      Accept: application/json, text/xml, application/xml, */*
  response:
    status:
      status_code: '200'
      message: OK
      explanation: Request fulfilled, document follows
    headers:
      status: HTTP/1.1 200 OK
      date: Wed, 15 Sep 2021 22:49:58 GMT
      server: Finatra
      strict-transport-security: max-age=31536000; includeSubDomains; preload
      content-security-policy: upgrade-insecure-requests
      x-test-test: test42
      cache-control: private
      ncbi-phid: 322C52E213039F4500005639122ACB4B.1.1.m_5
      x-ratelimit-remaining: '7'
      ncbi-sid: 5F320B4D7E0B1D31_74D6SID
      content-encoding: gzip
      x-ratelimit-limit: '10'
      access-control-allow-origin: '*'
      content-type: text/xml; charset=UTF-8
      access-control-expose-headers: X-RateLimit-Limit,X-RateLimit-Remaining
      set-cookie: ncbi_sid=5F320B4D7E0B1D31_74D6SID; domain=.nih.gov; path=/; expires=Thu,
        15 Sep 2022 22:49:58 GMT
      x-ua-compatible: IE=Edge
      x-xss-protection: 1; mode=block
      transfer-encoding: chunked
    body:
      encoding: UTF-8
      file: no
      string: |-
        <?xml version="1.0" ?>
        <!DOCTYPE TaxaSet PUBLIC "-//NLM//DTD Taxon, 14th January 2002//EN" "https://www.ncbi.nlm.nih.gov/entrez/query/DTD/taxon.dtd">
        <TaxaSet><Taxon>
            <TaxId>4232</TaxId>
            <ScientificName>Helianthus annuus</ScientificName>
            <OtherNames>
                <GenbankCommonName>common sunflower</GenbankCommonName>
                <Name>
                    <ClassCDE>authority</ClassCDE>
                    <DispName>Helianthus annuus L.</DispName>
                </Name>
                <Name>
                    <ClassCDE>misspelling</ClassCDE>
                    <DispName>Helianthus annua</DispName>
                </Name>
                <Name>
                    <ClassCDE>misspelling</ClassCDE>
                    <DispName>Helianthus annus</DispName>
                </Name>
                <Name>
                    <ClassCDE>misspelling</ClassCDE>
                    <DispName>Helianthus annuus8</DispName>
                </Name>
            </OtherNames>
            <ParentTaxId>4231</ParentTaxId>
            <Rank>species</Rank>
            <Division>Plants and Fungi</Division>
            <GeneticCode>
                <GCId>1</GCId>
                <GCName>Standard</GCName>
            </GeneticCode>
            <MitoGeneticCode>
                <MGCId>1</MGCId>
                <MGCName>Standard</MGCName>
            </MitoGeneticCode>
            <Lineage>cellular organisms; Eukaryota; Viridiplantae; Streptophyta; Streptophytina; Embryophyta; Tracheophyta; Euphyllophyta; Spermatophyta; Magnoliopsida; Mesangiospermae; eudicotyledons; Gunneridae; Pentapetalae; asterids; campanulids; Asterales; Asteraceae; Asteroideae; Heliantheae alliance; Heliantheae; Helianthus</Lineage>
            <LineageEx>
                <Taxon>
                    <TaxId>131567</TaxId>
                    <ScientificName>cellular organisms</ScientificName>
                    <Rank>no rank</Rank>
                </Taxon>
                <Taxon>
                    <TaxId>2759</TaxId>
                    <ScientificName>Eukaryota</ScientificName>
                    <Rank>superkingdom</Rank>
                </Taxon>
                <Taxon>
                    <TaxId>33090</TaxId>
                    <ScientificName>Viridiplantae</ScientificName>
                    <Rank>kingdom</Rank>
                </Taxon>
                <Taxon>
                    <TaxId>35493</TaxId>
                    <ScientificName>Streptophyta</ScientificName>
                    <Rank>phylum</Rank>
                </Taxon>
                <Taxon>
                    <TaxId>131221</TaxId>
                    <ScientificName>Streptophytina</ScientificName>
                    <Rank>subphylum</Rank>
                </Taxon>
                <Taxon>
                    <TaxId>3193</TaxId>
                    <ScientificName>Embryophyta</ScientificName>
                    <Rank>clade</Rank>
                </Taxon>
                <Taxon>
                    <TaxId>58023</TaxId>
                    <ScientificName>Tracheophyta</ScientificName>
                    <Rank>clade</Rank>
                </Taxon>
                <Taxon>
                    <TaxId>78536</TaxId>
                    <ScientificName>Euphyllophyta</ScientificName>
                    <Rank>clade</Rank>
                </Taxon>
                <Taxon>
                    <TaxId>58024</TaxId>
                    <ScientificName>Spermatophyta</ScientificName>
                    <Rank>clade</Rank>
                </Taxon>
                <Taxon>
                    <TaxId>3398</TaxId>
                    <ScientificName>Magnoliopsida</ScientificName>
                    <Rank>class</Rank>
                </Taxon>
                <Taxon>
                    <TaxId>1437183</TaxId>
                    <ScientificName>Mesangiospermae</ScientificName>
                    <Rank>clade</Rank>
                </Taxon>
                <Taxon>
                    <TaxId>71240</TaxId>
                    <ScientificName>eudicotyledons</ScientificName>
                    <Rank>clade</Rank>
                </Taxon>
                <Taxon>
                    <TaxId>91827</TaxId>
                    <ScientificName>Gunneridae</ScientificName>
                    <Rank>clade</Rank>
                </Taxon>
                <Taxon>
                    <TaxId>1437201</TaxId>
                    <ScientificName>Pentapetalae</ScientificName>
                    <Rank>clade</Rank>
                </Taxon>
                <Taxon>
                    <TaxId>71274</TaxId>
                    <ScientificName>asterids</ScientificName>
                    <Rank>clade</Rank>
                </Taxon>
                <Taxon>
                    <TaxId>91882</TaxId>
                    <ScientificName>campanulids</ScientificName>
                    <Rank>clade</Rank>
                </Taxon>
                <Taxon>
                    <TaxId>4209</TaxId>
                    <ScientificName>Asterales</ScientificName>
                    <Rank>order</Rank>
                </Taxon>
                <Taxon>
                    <TaxId>4210</TaxId>
                    <ScientificName>Asteraceae</ScientificName>
                    <Rank>family</Rank>
                </Taxon>
                <Taxon>
                    <TaxId>102804</TaxId>
                    <ScientificName>Asteroideae</ScientificName>
                    <Rank>subfamily</Rank>
                </Taxon>
                <Taxon>
                    <TaxId>911341</TaxId>
                    <ScientificName>Heliantheae alliance</ScientificName>
                    <Rank>clade</Rank>
                </Taxon>
                <Taxon>
                    <TaxId>102814</TaxId>
                    <ScientificName>Heliantheae</ScientificName>
                    <Rank>tribe</Rank>
                </Taxon>
                <Taxon>
                    <TaxId>4231</TaxId>
                    <ScientificName>Helianthus</ScientificName>
                    <Rank>genus</Rank>
                </Taxon>
            </LineageEx>
            <Properties>
                <Property>
                    <PropName>pgcode</PropName>
                    <PropValueInt>11</PropValueInt>
                </Property>
            </Properties>
            <CreateDate>1995/02/27 09:24:00</CreateDate>
            <UpdateDate>2018/11/23 13:57:52</UpdateDate>
            <PubDate>1993/08/03 01:00:00</PubDate>
        </Taxon>

        </TaxaSet>
  recorded_at: 2021-09-15 22:50:02 GMT
  recorded_with: vcr/1.0.2, webmockr/0.8.0
- request:
    method: get
    uri: https://eutils.ncbi.nlm.nih.gov/entrez/eutils/esearch.fcgi?db=taxonomy&term=xxxx&api_key=<<entrez_api_token>>
    body:
      encoding: ''
      string: ''
    headers:
      Accept-Encoding: gzip, deflate
      Accept: application/json, text/xml, application/xml, */*
      User-Agent: r-curl/4.3.2 crul/1.1.0 rOpenSci(taxize/1.0)
      X-USER-AGENT: r-curl/4.3.2 crul/1.1.0 rOpenSci(taxize/1.0)
  response:
    status:
      status_code: '200'
      message: OK
      explanation: Request fulfilled, document follows
    headers:
      status: HTTP/1.1 200 OK
      date: Wed, 15 Sep 2021 22:49:58 GMT
      server: Finatra
      strict-transport-security: max-age=31536000; includeSubDomains; preload
      content-security-policy: upgrade-insecure-requests
      x-test-test: test42
      cache-control: private
      ncbi-phid: 322C52E213039F4500003C391295206D.1.1.m_1
      x-ratelimit-remaining: '7'
      ncbi-sid: 5EAA4D95BEE0D531_73DASID
      content-encoding: gzip
      x-ratelimit-limit: '10'
      access-control-allow-origin: '*'
      content-type: text/xml; charset=UTF-8
      access-control-expose-headers: X-RateLimit-Limit,X-RateLimit-Remaining
      set-cookie: ncbi_sid=5EAA4D95BEE0D531_73DASID; domain=.nih.gov; path=/; expires=Thu,
        15 Sep 2022 22:49:58 GMT
      x-ua-compatible: IE=Edge
      x-xss-protection: 1; mode=block
      transfer-encoding: chunked
    body:
      encoding: UTF-8
      file: no
      string: |
        <?xml version="1.0" encoding="UTF-8" ?>
        <!DOCTYPE eSearchResult PUBLIC "-//NLM//DTD esearch 20060628//EN" "https://eutils.ncbi.nlm.nih.gov/eutils/dtd/20060628/esearch.dtd">
        <eSearchResult><Count>0</Count><RetMax>0</RetMax><RetStart>0</RetStart><IdList/><TranslationSet/><QueryTranslation>(xxxx[All Names])</QueryTranslation><ErrorList><PhraseNotFound>xxxx</PhraseNotFound></ErrorList><WarningList><OutputMessage>No items found.</OutputMessage></WarningList></eSearchResult>
  recorded_at: 2021-09-15 22:50:02 GMT
  recorded_with: vcr/1.0.2, webmockr/0.8.0
- request:
    method: get
    uri: https://www.itis.gov/ITISWebService/jsonservice/getITISTermsFromScientificName?srchKey=Helianthus%20annuus
    body:
      encoding: ''
      string: ''
    headers:
      User-Agent: libcurl/7.68.0 r-curl/4.3.2 crul/1.1.0
      Accept-Encoding: gzip, deflate
      Accept: application/json, text/xml, application/xml, */*
  response:
    status:
      status_code: '200'
      message: OK
      explanation: Request fulfilled, document follows
    headers:
      content-length: '1547'
      content-type: text/json;charset=ISO-8859-1
      date: Wed, 15 Sep 2021 22:50:00 GMT
      status: 'HTTP/1.1 200 '
      strict-transport-security:
      - max-age=63072000; includeSubDomains; preload
      - max-age=63072000; includeSubDomains; preload
      x-content-type-options:
      - nosniff
      - nosniff
      x-frame-options: SAMEORIGIN
    body:
      encoding: UTF-8
      file: no
      string: |
        {"class":"gov.usgs.itis.itis_service.data.SvcItisTermList","itisTerms":[{"author":"L.","class":"gov.usgs.itis.itis_service.data.SvcItisTerm","commonNames":["annual sunflower","sunflower","wild sunflower","common sunflower"],"nameUsage":"accepted","scientificName":"Helianthus annuus","tsn":"36616"},{"author":"(Heiser) Heiser","class":"gov.usgs.itis.itis_service.data.SvcItisTerm","commonNames":[null],"nameUsage":"not accepted","scientificName":"Helianthus annuus ssp. jaegeri","tsn":"525928"},{"author":"(Douglas ex Lindl.) Cockerell","class":"gov.usgs.itis.itis_service.data.SvcItisTerm","commonNames":[null],"nameUsage":"not accepted","scientificName":"Helianthus annuus ssp. lenticularis","tsn":"525929"},{"author":"Heiser","class":"gov.usgs.itis.itis_service.data.SvcItisTerm","commonNames":[null],"nameUsage":"not accepted","scientificName":"Helianthus annuus ssp. texanus","tsn":"525930"},{"author":"(Douglas ex Lindl.) Steyerm.","class":"gov.usgs.itis.itis_service.data.SvcItisTerm","commonNames":[null],"nameUsage":"not accepted","scientificName":"Helianthus annuus var. lenticularis","tsn":"536095"},{"author":"(DC.) Cockerell","class":"gov.usgs.itis.itis_service.data.SvcItisTerm","commonNames":[null],"nameUsage":"not accepted","scientificName":"Helianthus annuus var. macrocarpus","tsn":"536096"},{"author":"(Heiser) Shinners","class":"gov.usgs.itis.itis_service.data.SvcItisTerm","commonNames":[null],"nameUsage":"not accepted","scientificName":"Helianthus annuus var. texanus","tsn":"536097"}],"requestedName":"Helianthus annuus"}
  recorded_at: 2021-09-15 22:50:02 GMT
  recorded_with: vcr/1.0.2, webmockr/0.8.0
- request:
    method: get
    uri: https://www.itis.gov/ITISWebService/jsonservice/getFullHierarchyFromTSN?tsn=36616
    body:
      encoding: ''
      string: ''
    headers:
      User-Agent: libcurl/7.68.0 r-curl/4.3.2 crul/1.1.0
      Accept-Encoding: gzip, deflate
      Accept: application/json, text/xml, application/xml, */*
  response:
    status:
      status_code: '200'
      message: OK
      explanation: Request fulfilled, document follows
    headers:
      content-length: '2377'
      content-type: text/json;charset=ISO-8859-1
      date: Wed, 15 Sep 2021 22:50:00 GMT
      status: 'HTTP/1.1 200 '
      strict-transport-security:
      - max-age=63072000; includeSubDomains; preload
      - max-age=63072000; includeSubDomains; preload
      x-content-type-options:
      - nosniff
      - nosniff
      x-frame-options: SAMEORIGIN
    body:
      encoding: UTF-8
      file: no
      string: |
        {"author":"","class":"gov.usgs.itis.itis_service.data.SvcHierarchyRecordList","hierarchyList":[{"author":null,"class":"gov.usgs.itis.itis_service.data.SvcHierarchyRecord","parentName":"","parentTsn":"","rankName":"Kingdom","taxonName":"Plantae","tsn":"202422"},{"author":null,"class":"gov.usgs.itis.itis_service.data.SvcHierarchyRecord","parentName":"Plantae","parentTsn":"202422","rankName":"Subkingdom","taxonName":"Viridiplantae","tsn":"954898"},{"author":null,"class":"gov.usgs.itis.itis_service.data.SvcHierarchyRecord","parentName":"Viridiplantae","parentTsn":"954898","rankName":"Infrakingdom","taxonName":"Streptophyta","tsn":"846494"},{"author":null,"class":"gov.usgs.itis.itis_service.data.SvcHierarchyRecord","parentName":"Streptophyta","parentTsn":"846494","rankName":"Superdivision","taxonName":"Embryophyta","tsn":"954900"},{"author":null,"class":"gov.usgs.itis.itis_service.data.SvcHierarchyRecord","parentName":"Embryophyta","parentTsn":"954900","rankName":"Division","taxonName":"Tracheophyta","tsn":"846496"},{"author":null,"class":"gov.usgs.itis.itis_service.data.SvcHierarchyRecord","parentName":"Tracheophyta","parentTsn":"846496","rankName":"Subdivision","taxonName":"Spermatophytina","tsn":"846504"},{"author":null,"class":"gov.usgs.itis.itis_service.data.SvcHierarchyRecord","parentName":"Spermatophytina","parentTsn":"846504","rankName":"Class","taxonName":"Magnoliopsida","tsn":"18063"},{"author":null,"class":"gov.usgs.itis.itis_service.data.SvcHierarchyRecord","parentName":"Magnoliopsida","parentTsn":"18063","rankName":"Superorder","taxonName":"Asteranae","tsn":"846535"},{"author":null,"class":"gov.usgs.itis.itis_service.data.SvcHierarchyRecord","parentName":"Asteranae","parentTsn":"846535","rankName":"Order","taxonName":"Asterales","tsn":"35419"},{"author":null,"class":"gov.usgs.itis.itis_service.data.SvcHierarchyRecord","parentName":"Asterales","parentTsn":"35419","rankName":"Family","taxonName":"Asteraceae","tsn":"35420"},{"author":"L.","class":"gov.usgs.itis.itis_service.data.SvcHierarchyRecord","parentName":"Asteraceae","parentTsn":"35420","rankName":"Genus","taxonName":"Helianthus","tsn":"36611"},{"author":"L.","class":"gov.usgs.itis.itis_service.data.SvcHierarchyRecord","parentName":"Helianthus","parentTsn":"36611","rankName":"Species","taxonName":"Helianthus annuus","tsn":"36616"}],"rankName":"","sciName":"","tsn":"36616"}
  recorded_at: 2021-09-15 22:50:02 GMT
  recorded_with: vcr/1.0.2, webmockr/0.8.0
- request:
    method: get
    uri: https://www.itis.gov/ITISWebService/jsonservice/getITISTermsFromScientificName?srchKey=xxxx
    body:
      encoding: ''
      string: ''
    headers:
      User-Agent: libcurl/7.68.0 r-curl/4.3.2 crul/1.1.0
      Accept-Encoding: gzip, deflate
      Accept: application/json, text/xml, application/xml, */*
  response:
    status:
      status_code: '200'
      message: OK
      explanation: Request fulfilled, document follows
    headers:
      content-length: '102'
      content-type: text/json;charset=ISO-8859-1
      date: Wed, 15 Sep 2021 22:50:02 GMT
      status: 'HTTP/1.1 200 '
      strict-transport-security:
      - max-age=63072000; includeSubDomains; preload
      - max-age=63072000; includeSubDomains; preload
      x-content-type-options:
      - nosniff
      - nosniff
      x-frame-options: SAMEORIGIN
    body:
      encoding: UTF-8
      file: no
      string: |
        {"class":"gov.usgs.itis.itis_service.data.SvcItisTermList","itisTerms":[null],"requestedName":"xxxx"}
  recorded_at: 2021-09-15 22:50:02 GMT
  recorded_with: vcr/1.0.2, webmockr/0.8.0
